ERROR: Unable to locate a modulefile for 'cuda'
=== 🏁 Started experiment 1 of 1 ===
🌀 Starting run 1/3
📚 Epoch 5/200 🔍 Dev Slot-F1: 0.3408 ✅ New best F1! Resetting patience.
📚 Epoch 10/200 🔍 Dev Slot-F1: 0.6718 ✅ New best F1! Resetting patience.
📚 Epoch 15/200 🔍 Dev Slot-F1: 0.8086 ✅ New best F1! Resetting patience.
📚 Epoch 20/200 🔍 Dev Slot-F1: 0.8495 ✅ New best F1! Resetting patience.
📚 Epoch 25/200 🔍 Dev Slot-F1: 0.8722 ✅ New best F1! Resetting patience.
📚 Epoch 30/200 🔍 Dev Slot-F1: 0.8960 ✅ New best F1! Resetting patience.
📚 Epoch 35/200 🔍 Dev Slot-F1: 0.9166 ✅ New best F1! Resetting patience.
📚 Epoch 40/200 🔍 Dev Slot-F1: 0.9369 ✅ New best F1! Resetting patience.
📚 Epoch 45/200 🔍 Dev Slot-F1: 0.9496 ✅ New best F1! Resetting patience.
📚 Epoch 50/200 🔍 Dev Slot-F1: 0.9612 ✅ New best F1! Resetting patience.
📚 Epoch 55/200 🔍 Dev Slot-F1: 0.9651 ✅ New best F1! Resetting patience.
📚 Epoch 60/200 🔍 Dev Slot-F1: 0.9695 ✅ New best F1! Resetting patience.
📚 Epoch 65/200 🔍 Dev Slot-F1: 0.9692 ⚠️ No improvement. Patience left: 2
📚 Epoch 70/200 🔍 Dev Slot-F1: 0.9710 ✅ New best F1! Resetting patience.
📚 Epoch 75/200 🔍 Dev Slot-F1: 0.9728 ✅ New best F1! Resetting patience.
📚 Epoch 80/200 🔍 Dev Slot-F1: 0.9737 ✅ New best F1! Resetting patience.
📚 Epoch 85/200 🔍 Dev Slot-F1: 0.9749 ✅ New best F1! Resetting patience.
📚 Epoch 90/200 🔍 Dev Slot-F1: 0.9755 ✅ New best F1! Resetting patience.
📚 Epoch 95/200 🔍 Dev Slot-F1: 0.9763 ✅ New best F1! Resetting patience.
📚 Epoch 100/200 🔍 Dev Slot-F1: 0.9763 ⚠️ No improvement. Patience left: 2
📚 Epoch 105/200 🔍 Dev Slot-F1: 0.9766 ✅ New best F1! Resetting patience.
📚 Epoch 110/200 🔍 Dev Slot-F1: 0.9775 ✅ New best F1! Resetting patience.
📚 Epoch 115/200 🔍 Dev Slot-F1: 0.9781 ✅ New best F1! Resetting patience.
📚 Epoch 120/200 🔍 Dev Slot-F1: 0.9784 ✅ New best F1! Resetting patience.
📚 Epoch 125/200 🔍 Dev Slot-F1: 0.9784 ✅ New best F1! Resetting patience.
📚 Epoch 130/200 🔍 Dev Slot-F1: 0.9781 ⚠️ No improvement. Patience left: 2
📚 Epoch 135/200 🔍 Dev Slot-F1: 0.9778 ⚠️ No improvement. Patience left: 1
📚 Epoch 140/200 🔍 Dev Slot-F1: 0.9784 ⚠️ No improvement. Patience left: 0
🛑 Early stopping triggered!
🧪 Test F1: 0.9454, Intent Accuracy: 0.9518
🌀 Starting run 2/3
📚 Epoch 5/200 🔍 Dev Slot-F1: 0.3291 ✅ New best F1! Resetting patience.
📚 Epoch 10/200 🔍 Dev Slot-F1: 0.6699 ✅ New best F1! Resetting patience.
📚 Epoch 15/200 🔍 Dev Slot-F1: 0.8070 ✅ New best F1! Resetting patience.
📚 Epoch 20/200 🔍 Dev Slot-F1: 0.8564 ✅ New best F1! Resetting patience.
📚 Epoch 25/200 🔍 Dev Slot-F1: 0.8792 ✅ New best F1! Resetting patience.
📚 Epoch 30/200 🔍 Dev Slot-F1: 0.9014 ✅ New best F1! Resetting patience.
📚 Epoch 35/200 🔍 Dev Slot-F1: 0.9215 ✅ New best F1! Resetting patience.
📚 Epoch 40/200 🔍 Dev Slot-F1: 0.9382 ✅ New best F1! Resetting patience.
📚 Epoch 45/200 🔍 Dev Slot-F1: 0.9488 ✅ New best F1! Resetting patience.
📚 Epoch 50/200 🔍 Dev Slot-F1: 0.9593 ✅ New best F1! Resetting patience.
📚 Epoch 55/200 🔍 Dev Slot-F1: 0.9638 ✅ New best F1! Resetting patience.
📚 Epoch 60/200 🔍 Dev Slot-F1: 0.9667 ✅ New best F1! Resetting patience.
📚 Epoch 65/200 🔍 Dev Slot-F1: 0.9689 ✅ New best F1! Resetting patience.
📚 Epoch 70/200 🔍 Dev Slot-F1: 0.9703 ✅ New best F1! Resetting patience.
📚 Epoch 75/200 🔍 Dev Slot-F1: 0.9706 ✅ New best F1! Resetting patience.
📚 Epoch 80/200 🔍 Dev Slot-F1: 0.9721 ✅ New best F1! Resetting patience.
📚 Epoch 85/200 🔍 Dev Slot-F1: 0.9715 ⚠️ No improvement. Patience left: 2
📚 Epoch 90/200 🔍 Dev Slot-F1: 0.9724 ✅ New best F1! Resetting patience.
📚 Epoch 95/200 🔍 Dev Slot-F1: 0.9724 ✅ New best F1! Resetting patience.
📚 Epoch 100/200 🔍 Dev Slot-F1: 0.9736 ✅ New best F1! Resetting patience.
📚 Epoch 105/200 🔍 Dev Slot-F1: 0.9733 ⚠️ No improvement. Patience left: 2
📚 Epoch 110/200 🔍 Dev Slot-F1: 0.9748 ✅ New best F1! Resetting patience.
📚 Epoch 115/200 🔍 Dev Slot-F1: 0.9751 ✅ New best F1! Resetting patience.
📚 Epoch 120/200 🔍 Dev Slot-F1: 0.9763 ✅ New best F1! Resetting patience.
📚 Epoch 125/200 🔍 Dev Slot-F1: 0.9763 ⚠️ No improvement. Patience left: 2
📚 Epoch 130/200 🔍 Dev Slot-F1: 0.9766 ✅ New best F1! Resetting patience.
📚 Epoch 135/200 🔍 Dev Slot-F1: 0.9766 ⚠️ No improvement. Patience left: 2
📚 Epoch 140/200 🔍 Dev Slot-F1: 0.9763 ⚠️ No improvement. Patience left: 1
📚 Epoch 145/200 🔍 Dev Slot-F1: 0.9760 ⚠️ No improvement. Patience left: 0
🛑 Early stopping triggered!
🧪 Test F1: 0.9433, Intent Accuracy: 0.9462
🌀 Starting run 3/3
📚 Epoch 5/200 🔍 Dev Slot-F1: 0.3303 ✅ New best F1! Resetting patience.
📚 Epoch 10/200 🔍 Dev Slot-F1: 0.6792 ✅ New best F1! Resetting patience.
📚 Epoch 15/200 🔍 Dev Slot-F1: 0.8075 ✅ New best F1! Resetting patience.
📚 Epoch 20/200 🔍 Dev Slot-F1: 0.8478 ✅ New best F1! Resetting patience.
📚 Epoch 25/200 🔍 Dev Slot-F1: 0.8739 ✅ New best F1! Resetting patience.
📚 Epoch 30/200 🔍 Dev Slot-F1: 0.9049 ✅ New best F1! Resetting patience.
📚 Epoch 35/200 🔍 Dev Slot-F1: 0.9265 ✅ New best F1! Resetting patience.
📚 Epoch 40/200 🔍 Dev Slot-F1: 0.9388 ✅ New best F1! Resetting patience.
📚 Epoch 45/200 🔍 Dev Slot-F1: 0.9540 ✅ New best F1! Resetting patience.
📚 Epoch 50/200 🔍 Dev Slot-F1: 0.9603 ✅ New best F1! Resetting patience.
📚 Epoch 55/200 🔍 Dev Slot-F1: 0.9653 ✅ New best F1! Resetting patience.
📚 Epoch 60/200 🔍 Dev Slot-F1: 0.9680 ✅ New best F1! Resetting patience.
📚 Epoch 65/200 🔍 Dev Slot-F1: 0.9701 ✅ New best F1! Resetting patience.
📚 Epoch 70/200 🔍 Dev Slot-F1: 0.9721 ✅ New best F1! Resetting patience.
📚 Epoch 75/200 🔍 Dev Slot-F1: 0.9727 ✅ New best F1! Resetting patience.
📚 Epoch 80/200 🔍 Dev Slot-F1: 0.9733 ✅ New best F1! Resetting patience.
📚 Epoch 85/200 🔍 Dev Slot-F1: 0.9733 ⚠️ No improvement. Patience left: 2
📚 Epoch 90/200 🔍 Dev Slot-F1: 0.9748 ✅ New best F1! Resetting patience.
📚 Epoch 95/200 🔍 Dev Slot-F1: 0.9769 ✅ New best F1! Resetting patience.
📚 Epoch 100/200 🔍 Dev Slot-F1: 0.9778 ✅ New best F1! Resetting patience.
📚 Epoch 105/200 🔍 Dev Slot-F1: 0.9796 ✅ New best F1! Resetting patience.
📚 Epoch 110/200 🔍 Dev Slot-F1: 0.9787 ⚠️ No improvement. Patience left: 2
📚 Epoch 115/200 🔍 Dev Slot-F1: 0.9793 ⚠️ No improvement. Patience left: 1
📚 Epoch 120/200 🔍 Dev Slot-F1: 0.9808 ✅ New best F1! Resetting patience.
📚 Epoch 125/200 🔍 Dev Slot-F1: 0.9805 ⚠️ No improvement. Patience left: 2
📚 Epoch 130/200 🔍 Dev Slot-F1: 0.9802 ⚠️ No improvement. Patience left: 1
📚 Epoch 135/200 🔍 Dev Slot-F1: 0.9805 ⚠️ No improvement. Patience left: 0
🛑 Early stopping triggered!
🧪 Test F1: 0.9437, Intent Accuracy: 0.9429
